// Jest Snapshot v1, https://goo.gl/fbAQLP

exports[`Alert should render correctly with zero props 1`] = `
<View
  style={
    [
      {},
      {},
      [
        {
          "alignItems": "center",
          "display": "flex",
          "flexDirection": "row",
          "minHeight": 30,
          "paddingBottom": 4,
          "paddingLeft": 10,
          "paddingRight": 10,
          "paddingTop": 4,
        },
        {
          "backgroundColor": "#4CAF50",
        },
        undefined,
      ],
    ]
  }
>
  <View
    style={
      {
        "flex": 1,
      }
    }
  />
</View>
`;
