// Jest Snapshot v1, https://goo.gl/fbAQLP

exports[`Grid component should render correctly 1`] = `
<View
  style={
    [
      {},
      {},
      [
        {
          "display": "flex",
          "flexDirection": "row",
          "flexWrap": "wrap",
        },
        {
          "width": "100%",
        },
        {},
        undefined,
      ],
    ]
  }
/>
`;
