// Jest Snapshot v1, https://goo.gl/fbAQLP

exports[`ModalContainer should render correctly with default props 1`] = `
<View
  accessibilityState={
    {
      "busy": undefined,
      "checked": undefined,
      "disabled": undefined,
      "expanded": undefined,
      "selected": undefined,
    }
  }
  accessible={true}
  focusable={true}
  onClick={[Function]}
  onResponderGrant={[Function]}
  onResponderMove={[Function]}
  onResponderRelease={[Function]}
  onResponderTerminate={[Function]}
  onResponderTerminationRequest={[Function]}
  onStartShouldSetResponder={[Function]}
  style={
    [
      {},
      {},
      [
        {
          "backgroundColor": "rgba(0,0,0,0.5)",
          "flex": 1,
        },
        undefined,
      ],
    ]
  }
>
  <View
    collapsable={false}
    onLayout={[Function]}
    style={
      {
        "transform": [
          {
            "scale": 0.95,
          },
        ],
      }
    }
  >
    <Text
      collapsable={false}
      style={{}}
    >
      Hello
    </Text>
  </View>
</View>
`;
