// Jest Snapshot v1, https://goo.gl/fbAQLP

exports[`snackbar utils should render with default props 1`] = `null`;
