// Jest Snapshot v1, https://jestjs.io/docs/snapshot-testing

exports[`Stack Component should render correctly 1`] = `
<View
  style={
    [
      {},
      {},
      [
        {
          "maxWidth": "100%",
          "width": "100%",
        },
        false,
        undefined,
      ],
    ]
  }
>
  <View
    style={{}}
  >
    <Text>
      Hello
    </Text>
  </View>
</View>
`;
