// Jest Snapshot v1, https://goo.gl/fbAQLP

exports[`TextFieldEndAdornment should render component correctly 1`] = `null`;
