// Jest Snapshot v1, https://jestjs.io/docs/snapshot-testing

exports[`Dialog should render correctly with default props 1`] = `
<Modal
  animationType="fade"
  hardwareAccelerated={false}
  transparent={true}
  visible={true}
>
  <View
    accessibilityState={
      {
        "busy": undefined,
        "checked": undefined,
        "disabled": undefined,
        "expanded": undefined,
        "selected": undefined,
      }
    }
    accessible={true}
    focusable={true}
    onClick={[Function]}
    onResponderGrant={[Function]}
    onResponderMove={[Function]}
    onResponderRelease={[Function]}
    onResponderTerminate={[Function]}
    onResponderTerminationRequest={[Function]}
    onStartShouldSetResponder={[Function]}
    style={
      [
        {},
        {},
        [
          {
            "backgroundColor": "rgba(0,0,0,0.5)",
            "flex": 1,
          },
          [
            {
              "alignItems": "center",
              "display": "flex",
              "justifyContent": "center",
            },
            undefined,
          ],
        ],
      ]
    }
  >
    <View
      accessibilityState={
        {
          "busy": undefined,
          "checked": undefined,
          "disabled": undefined,
          "expanded": undefined,
          "selected": undefined,
        }
      }
      accessible={false}
      focusable={false}
      onClick={[Function]}
      onResponderGrant={[Function]}
      onResponderMove={[Function]}
      onResponderRelease={[Function]}
      onResponderTerminate={[Function]}
      onResponderTerminationRequest={[Function]}
      onStartShouldSetResponder={[Function]}
      style={
        [
          {},
          {},
          {
            "backgroundColor": "#424242",
            "borderRadius": 10,
            "maxWidth": "90%",
            "paddingBottom": 8,
            "zIndex": 100,
          },
        ]
      }
    />
  </View>
</Modal>
`;
