// Jest Snapshot v1, https://goo.gl/fbAQLP

exports[`Radio Component should render correctly 1`] = `
<View
  style={
    {
      "display": "flex",
      "flexDirection": "row",
      "width": "100%",
    }
  }
>
  <View
    style={
      [
        {
          "width": "auto",
        },
      ]
    }
  >
    <View
      style={
        {
          "alignSelf": "flex-start",
        }
      }
    >
      <View
        accessibilityState={
          {
            "busy": undefined,
            "checked": undefined,
            "disabled": false,
            "expanded": undefined,
            "selected": undefined,
          }
        }
        accessible={true}
        collapsable={false}
        focusable={true}
        onClick={[Function]}
        onLayout={[Function]}
        onResponderGrant={[Function]}
        onResponderMove={[Function]}
        onResponderRelease={[Function]}
        onResponderTerminate={[Function]}
        onResponderTerminationRequest={[Function]}
        onStartShouldSetResponder={[Function]}
        pointerEvents="box-only"
        style={
          {
            "padding": 8,
            "transform": [
              {
                "scale": 1,
              },
            ],
          }
        }
      >
        <View
          collapsable={false}
          style={
            {
              "alignItems": "center",
              "borderColor": "rgba(189, 189, 189, 1)",
              "borderRadius": 100,
              "borderWidth": 0.8,
              "display": "flex",
              "justifyContent": "center",
              "padding": 3,
            }
          }
        >
          <View
            collapsable={false}
            style={
              {
                "backgroundColor": "rgba(3, 169, 244, 1)",
                "borderRadius": 100,
                "height": 18,
                "opacity": 0,
                "transform": [
                  {
                    "scale": 0,
                  },
                ],
                "width": 18,
              }
            }
          />
        </View>
      </View>
    </View>
  </View>
</View>
`;
