// Jest Snapshot v1, https://goo.gl/fbAQLP

exports[`Text Component should match the snapshot with default props 1`] = `
<Text
  collapsable={false}
  style={{}}
>
  Mock
</Text>
`;
