// Jest Snapshot v1, https://jestjs.io/docs/snapshot-testing

exports[`TextFieldEndAdornment should render component correctly 1`] = `null`;
