// Jest Snapshot v1, https://jestjs.io/docs/snapshot-testing

exports[`useThemedProps should match icon component snapshot correctly 1`] = `<View />`;

exports[`useThemedProps should render component correctly if user passed component directly 1`] = `<View />`;
